Autonomous digest pipeline executed at Fri Aug 21 08:05:40 UTC 2026
Autonomous digest pipeline executed at Fri Aug 21 14:07:15 UTC 2026
Autonomous digest pipeline executed at Fri Aug 21 19:16:19 UTC 2026
Autonomous digest pipeline executed at Sat Aug 22 03:09:45 UTC 2026
Autonomous digest pipeline executed at Sat Aug 22 07:46:07 UTC 2026
Autonomous digest pipeline executed at Sat Aug 22 13:44:15 UTC 2026
Autonomous digest pipeline executed at Sat Aug 22 19:03:25 UTC 2026
Autonomous digest pipeline executed at Sun Aug 23 03:31:34 UTC 2026
Autonomous digest pipeline executed at Sun Aug 23 07:48:50 UTC 2026
Autonomous digest pipeline executed at Sun Aug 23 13:46:19 UTC 2026
Autonomous digest pipeline executed at Sun Aug 23 19:02:43 UTC 2026
Autonomous digest pipeline executed at Mon Aug 24 03:33:38 UTC 2026
Autonomous digest pipeline executed at Mon Aug 24 08:29:46 UTC 2026
Autonomous digest pipeline executed at Mon Aug 24 14:26:28 UTC 2026
Autonomous digest pipeline executed at Mon Aug 24 19:44:27 UTC 2026
Autonomous digest pipeline executed at Tue Aug 25 03:16:32 UTC 2026
Autonomous digest pipeline executed at Tue Aug 25 08:11:15 UTC 2026
Autonomous digest pipeline executed at Tue Aug 25 14:29:03 UTC 2026
Autonomous digest pipeline executed at Tue Aug 25 19:46:31 UTC 2026
Autonomous digest pipeline executed at Wed Aug 26 03:35:51 UTC 2026
Autonomous digest pipeline executed at Wed Aug 26 08:10:53 UTC 2026
Autonomous digest pipeline executed at Wed Aug 26 14:27:41 UTC 2026
Autonomous digest pipeline executed at Fri Aug 28 01:37:46 UTC 2026
Autonomous digest pipeline executed at Fri Aug 28 21:56:34 UTC 2026
Autonomous digest pipeline executed at Sat Aug 29 00:07:39 UTC 2026
Autonomous digest pipeline executed at Sat Aug 29 06:08:35 UTC 2026
Autonomous digest pipeline executed at Sat Aug 29 12:08:49 UTC 2026
Autonomous digest pipeline executed at Sat Aug 29 18:07:43 UTC 2026
Autonomous digest pipeline executed at Sun Aug 30 00:09:40 UTC 2026
Autonomous digest pipeline executed at Sun Aug 30 06:08:20 UTC 2026
